recipes = [],
stages = [{ sname = "some_stage"
   is_start = true
   body = [Expr (Int 5)]}
]