[ 1, lol, 3, 4 ]
[ 1, lol, 3, 4, appended ]
[ 1, lol, 3, 4, appended, second ]
