[ 1, 2, 3, 4 ]
[ 1, inserted, 2, 3, 4 ]
[ 1, inserted, 2, second, 3, 4 ]
