3
-1
2
5
1910
false
true
1910
true
false
1910
true
false
1910
true
true
false
1910
false
true
1910
false
true
true
