[ 1, 2, 3, 4 ]
[ 1, 2, 3, 4, appended ]
[ 1, second, 2, 3, 4, appended]
