Assign var (Binop (Float 6.3) Sub (Binop (Int 9) Mult (Float 1.45)))