Binop (Binop (Int 17) Div (Binop (Binop (Unop Negate (Int 1)) Add (Int 2)) Sub (Int 3))) Mult (Float 3.45)