Binop (Binop (Int 1) Add (Int 2)) Mult (Float 3.45)