Binop (Int 1) Add (Binop (Int 2) Mult (Float 3.45))