List [(Int 47), (String jalepeno), (Unop Negate (Float 0.482))]