If (Binop (Id Local x) Equal (Int 5)) (Block [(Expr (Call func1 [(Id Local x), (Float 7.9)]))]) (Block [])