If (Binop (Id Global y) Gt (Float 15.9)) (Block [(Assign (Id Global y) (Binop (Id Global y) Add (Int 7))),
(Assign (Id Global z) (Binop (Id Global z) Sub (Float 53.8)))]) (Block [(Assign (Id Local x) (Bool false))])