If (Unop Not (Id Global is_done)) (Block [(Expr (Assign (Id Global is_done) (Binop (Id Global x) Gt (Int 7)))),
(Expr (Assign (Id Global y) (Binop (Id Global z) Mult (Int 80))))]) (Block [(Expr (Assign (Id Global w) (Float 39.2))),
(Expr (Return (Bool true)))])